C:\Users\aysan\Desktop\risale-nur-ai\rag_service\app.py:314: DeprecationWarning: 
        on_event is deprecated, use lifespan event handlers instead.

        Read more about it in the
        [FastAPI docs for Lifespan Events](https://fastapi.tiangolo.com/advanced/events/).
        
  @app.on_event("startup")
INFO:     Started server process [28448]
INFO:     Waiting for application startup.
2026-02-21 21:28:07,733 - INFO - Starting NurZeka V2...
2026-02-21 21:28:07,737 - INFO - Load pretrained SentenceTransformer: sentence-transformers/all-MiniLM-L6-v2
2026-02-21 21:28:08,240 - INFO - HTTP Request: HEAD https://huggingface.co/sentence-transformers/all-MiniLM-L6-v2/resolve/main/modules.json "HTTP/1.1 307 Temporary Redirect"
2026-02-21 21:28:08,257 - INFO - HTTP Request: HEAD https://huggingface.co/api/resolve-cache/models/sentence-transformers/all-MiniLM-L6-v2/c9745ed1d9f207416be6d2e6f8de32d1f16199bf/modules.json "HTTP/1.1 200 OK"
2026-02-21 21:28:08,414 - INFO - HTTP Request: HEAD https://huggingface.co/sentence-transformers/all-MiniLM-L6-v2/resolve/main/config_sentence_transformers.json "HTTP/1.1 307 Temporary Redirect"
2026-02-21 21:28:08,430 - INFO - HTTP Request: HEAD https://huggingface.co/api/resolve-cache/models/sentence-transformers/all-MiniLM-L6-v2/c9745ed1d9f207416be6d2e6f8de32d1f16199bf/config_sentence_transformers.json "HTTP/1.1 200 OK"
2026-02-21 21:28:08,593 - INFO - HTTP Request: HEAD https://huggingface.co/sentence-transformers/all-MiniLM-L6-v2/resolve/main/config_sentence_transformers.json "HTTP/1.1 307 Temporary Redirect"
2026-02-21 21:28:08,608 - INFO - HTTP Request: HEAD https://huggingface.co/api/resolve-cache/models/sentence-transformers/all-MiniLM-L6-v2/c9745ed1d9f207416be6d2e6f8de32d1f16199bf/config_sentence_transformers.json "HTTP/1.1 200 OK"
2026-02-21 21:28:08,764 - INFO - HTTP Request: HEAD https://huggingface.co/sentence-transformers/all-MiniLM-L6-v2/resolve/main/README.md "HTTP/1.1 307 Temporary Redirect"
2026-02-21 21:28:08,781 - INFO - HTTP Request: HEAD https://huggingface.co/api/resolve-cache/models/sentence-transformers/all-MiniLM-L6-v2/c9745ed1d9f207416be6d2e6f8de32d1f16199bf/README.md "HTTP/1.1 200 OK"
2026-02-21 21:28:08,937 - INFO - HTTP Request: HEAD https://huggingface.co/sentence-transformers/all-MiniLM-L6-v2/resolve/main/modules.json "HTTP/1.1 307 Temporary Redirect"
2026-02-21 21:28:08,952 - INFO - HTTP Request: HEAD https://huggingface.co/api/resolve-cache/models/sentence-transformers/all-MiniLM-L6-v2/c9745ed1d9f207416be6d2e6f8de32d1f16199bf/modules.json "HTTP/1.1 200 OK"
2026-02-21 21:28:09,117 - INFO - HTTP Request: HEAD https://huggingface.co/sentence-transformers/all-MiniLM-L6-v2/resolve/main/sentence_bert_config.json "HTTP/1.1 307 Temporary Redirect"
2026-02-21 21:28:09,134 - INFO - HTTP Request: HEAD https://huggingface.co/api/resolve-cache/models/sentence-transformers/all-MiniLM-L6-v2/c9745ed1d9f207416be6d2e6f8de32d1f16199bf/sentence_bert_config.json "HTTP/1.1 200 OK"
2026-02-21 21:28:09,292 - INFO - HTTP Request: HEAD https://huggingface.co/sentence-transformers/all-MiniLM-L6-v2/resolve/main/adapter_config.json "HTTP/1.1 404 Not Found"
2026-02-21 21:28:09,450 - INFO - HTTP Request: HEAD https://huggingface.co/sentence-transformers/all-MiniLM-L6-v2/resolve/main/config.json "HTTP/1.1 307 Temporary Redirect"
2026-02-21 21:28:09,467 - INFO - HTTP Request: HEAD https://huggingface.co/api/resolve-cache/models/sentence-transformers/all-MiniLM-L6-v2/c9745ed1d9f207416be6d2e6f8de32d1f16199bf/config.json "HTTP/1.1 200 OK"

Loading weights:   0%|          | 0/103 [00:00<?, ?it/s]
Loading weights:   1%|          | 1/103 [00:00<00:00, 14614.30it/s, Materializing param=embeddings.LayerNorm.bias]
Loading weights:   1%|          | 1/103 [00:00<00:00, 3594.09it/s, Materializing param=embeddings.LayerNorm.bias] 
Loading weights:   2%|1         | 2/103 [00:00<00:00, 3826.92it/s, Materializing param=embeddings.LayerNorm.weight]
Loading weights:   2%|1         | 2/103 [00:00<00:00, 2136.14it/s, Materializing param=embeddings.LayerNorm.weight]
Loading weights:   3%|2         | 3/103 [00:00<00:00, 2338.83it/s, Materializing param=embeddings.position_embeddings.weight]
Loading weights:   3%|2         | 3/103 [00:00<00:00, 1894.45it/s, Materializing param=embeddings.position_embeddings.weight]
Loading weights:   4%|3         | 4/103 [00:00<00:00, 1948.57it/s, Materializing param=embeddings.token_type_embeddings.weight]
Loading weights:   4%|3         | 4/103 [00:00<00:00, 1714.41it/s, Materializing param=embeddings.token_type_embeddings.weight]
Loading weights:   5%|4         | 5/103 [00:00<00:00, 1830.61it/s, Materializing param=embeddings.word_embeddings.weight]      
Loading weights:   5%|4         | 5/103 [00:00<00:00, 1725.77it/s, Materializing param=embeddings.word_embeddings.weight]
Loading weights:   6%|5         | 6/103 [00:00<00:00, 1791.16it/s, Materializing param=encoder.layer.0.attention.output.LayerNorm.bias]
Loading weights:   6%|5         | 6/103 [00:00<00:00, 1754.69it/s, Materializing param=encoder.layer.0.attention.output.LayerNorm.bias]
Loading weights:   7%|6         | 7/103 [00:00<00:00, 1830.66it/s, Materializing param=encoder.layer.0.attention.output.LayerNorm.weight]
Loading weights:   7%|6         | 7/103 [00:00<00:00, 1655.40it/s, Materializing param=encoder.layer.0.attention.output.LayerNorm.weight]
Loading weights:   8%|7         | 8/103 [00:00<00:00, 1789.00it/s, Materializing param=encoder.layer.0.attention.output.dense.bias]      
Loading weights:   8%|7         | 8/103 [00:00<00:00, 1760.65it/s, Materializing param=encoder.layer.0.attention.output.dense.bias]
Loading weights:   9%|8         | 9/103 [00:00<00:00, 1906.79it/s, Materializing param=encoder.layer.0.attention.output.dense.weight]
Loading weights:   9%|8         | 9/103 [00:00<00:00, 1731.99it/s, Materializing param=encoder.layer.0.attention.output.dense.weight]
Loading weights:  10%|9         | 10/103 [00:00<00:00, 1767.88it/s, Materializing param=encoder.layer.0.attention.self.key.bias]     
Loading weights:  10%|9         | 10/103 [00:00<00:00, 1746.17it/s, Materializing param=encoder.layer.0.attention.self.key.bias]
Loading weights:  11%|#         | 11/103 [00:00<00:00, 1879.93it/s, Materializing param=encoder.layer.0.attention.self.key.weight]
Loading weights:  11%|#         | 11/103 [00:00<00:00, 1862.33it/s, Materializing param=encoder.layer.0.attention.self.key.weight]
Loading weights:  12%|#1        | 12/103 [00:00<00:00, 1950.08it/s, Materializing param=encoder.layer.0.attention.self.query.bias]
Loading weights:  12%|#1        | 12/103 [00:00<00:00, 1891.74it/s, Materializing param=encoder.layer.0.attention.self.query.bias]
Loading weights:  13%|#2        | 13/103 [00:00<00:00, 1871.88it/s, Materializing param=encoder.layer.0.attention.self.query.weight]
Loading weights:  13%|#2        | 13/103 [00:00<00:00, 1851.79it/s, Materializing param=encoder.layer.0.attention.self.query.weight]
Loading weights:  14%|#3        | 14/103 [00:00<00:00, 1876.17it/s, Materializing param=encoder.layer.0.attention.self.value.bias]  
Loading weights:  14%|#3        | 14/103 [00:00<00:00, 1856.12it/s, Materializing param=encoder.layer.0.attention.self.value.bias]
Loading weights:  15%|#4        | 15/103 [00:00<00:00, 1931.26it/s, Materializing param=encoder.layer.0.attention.self.value.weight]
Loading weights:  15%|#4        | 15/103 [00:00<00:00, 1885.42it/s, Materializing param=encoder.layer.0.attention.self.value.weight]
Loading weights:  16%|#5        | 16/103 [00:00<00:00, 1931.30it/s, Materializing param=encoder.layer.0.intermediate.dense.bias]    
Loading weights:  16%|#5        | 16/103 [00:00<00:00, 1884.55it/s, Materializing param=encoder.layer.0.intermediate.dense.bias]
Loading weights:  17%|#6        | 17/103 [00:00<00:00, 1901.77it/s, Materializing param=encoder.layer.0.intermediate.dense.weight]
Loading weights:  17%|#6        | 17/103 [00:00<00:00, 1878.13it/s, Materializing param=encoder.layer.0.intermediate.dense.weight]
Loading weights:  17%|#7        | 18/103 [00:00<00:00, 1881.37it/s, Materializing param=encoder.layer.0.output.LayerNorm.bias]    
Loading weights:  17%|#7        | 18/103 [00:00<00:00, 1866.90it/s, Materializing param=encoder.layer.0.output.LayerNorm.bias]
Loading weights:  18%|#8        | 19/103 [00:00<00:00, 1944.13it/s, Materializing param=encoder.layer.0.output.LayerNorm.weight]
Loading weights:  18%|#8        | 19/103 [00:00<00:00, 1912.27it/s, Materializing param=encoder.layer.0.output.LayerNorm.weight]
Loading weights:  19%|#9        | 20/103 [00:00<00:00, 1968.69it/s, Materializing param=encoder.layer.0.output.dense.bias]      
Loading weights:  19%|#9        | 20/103 [00:00<00:00, 1914.64it/s, Materializing param=encoder.layer.0.output.dense.bias]
Loading weights:  20%|##        | 21/103 [00:00<00:00, 1922.73it/s, Materializing param=encoder.layer.0.output.dense.weight]
Loading weights:  20%|##        | 21/103 [00:00<00:00, 1885.97it/s, Materializing param=encoder.layer.0.output.dense.weight]
Loading weights:  21%|##1       | 22/103 [00:00<00:00, 1913.18it/s, Materializing param=encoder.layer.1.attention.output.LayerNorm.bias]
Loading weights:  21%|##1       | 22/103 [00:00<00:00, 1883.77it/s, Materializing param=encoder.layer.1.attention.output.LayerNorm.bias]
Loading weights:  22%|##2       | 23/103 [00:00<00:00, 1908.43it/s, Materializing param=encoder.layer.1.attention.output.LayerNorm.weight]
Loading weights:  22%|##2       | 23/103 [00:00<00:00, 1896.76it/s, Materializing param=encoder.layer.1.attention.output.LayerNorm.weight]
Loading weights:  23%|##3       | 24/103 [00:00<00:00, 1950.95it/s, Materializing param=encoder.layer.1.attention.output.dense.bias]      
Loading weights:  23%|##3       | 24/103 [00:00<00:00, 1940.87it/s, Materializing param=encoder.layer.1.attention.output.dense.bias]
Loading weights:  24%|##4       | 25/103 [00:00<00:00, 1998.89it/s, Materializing param=encoder.layer.1.attention.output.dense.weight]
Loading weights:  24%|##4       | 25/103 [00:00<00:00, 1957.39it/s, Materializing param=encoder.layer.1.attention.output.dense.weight]
Loading weights:  25%|##5       | 26/103 [00:00<00:00, 1978.01it/s, Materializing param=encoder.layer.1.attention.self.key.bias]      
Loading weights:  25%|##5       | 26/103 [00:00<00:00, 1934.99it/s, Materializing param=encoder.layer.1.attention.self.key.bias]
Loading weights:  26%|##6       | 27/103 [00:00<00:00, 1977.82it/s, Materializing param=encoder.layer.1.attention.self.key.weight]
Loading weights:  26%|##6       | 27/103 [00:00<00:00, 1968.54it/s, Materializing param=encoder.layer.1.attention.self.key.weight]
Loading weights:  27%|##7       | 28/103 [00:00<00:00, 2001.47it/s, Materializing param=encoder.layer.1.attention.self.query.bias]
Loading weights:  27%|##7       | 28/103 [00:00<00:00, 1989.34it/s, Materializing param=encoder.layer.1.attention.self.query.bias]
Loading weights:  28%|##8       | 29/103 [00:00<00:00, 2006.35it/s, Materializing param=encoder.layer.1.attention.self.query.weight]
Loading weights:  28%|##8       | 29/103 [00:00<00:00, 1991.30it/s, Materializing param=encoder.layer.1.attention.self.query.weight]
Loading weights:  29%|##9       | 30/103 [00:00<00:00, 2004.70it/s, Materializing param=encoder.layer.1.attention.self.value.bias]  
Loading weights:  29%|##9       | 30/103 [00:00<00:00, 1976.55it/s, Materializing param=encoder.layer.1.attention.self.value.bias]
Loading weights:  30%|###       | 31/103 [00:00<00:00, 2015.99it/s, Materializing param=encoder.layer.1.attention.self.value.weight]
Loading weights:  30%|###       | 31/103 [00:00<00:00, 1985.00it/s, Materializing param=encoder.layer.1.attention.self.value.weight]
Loading weights:  31%|###1      | 32/103 [00:00<00:00, 2010.84it/s, Materializing param=encoder.layer.1.intermediate.dense.bias]    
Loading weights:  31%|###1      | 32/103 [00:00<00:00, 2002.62it/s, Materializing param=encoder.layer.1.intermediate.dense.bias]
Loading weights:  32%|###2      | 33/103 [00:00<00:00, 2022.56it/s, Materializing param=encoder.layer.1.intermediate.dense.weight]
Loading weights:  32%|###2      | 33/103 [00:00<00:00, 1974.04it/s, Materializing param=encoder.layer.1.intermediate.dense.weight]
Loading weights:  33%|###3      | 34/103 [00:00<00:00, 2009.56it/s, Materializing param=encoder.layer.1.output.LayerNorm.bias]    
Loading weights:  33%|###3      | 34/103 [00:00<00:00, 1986.96it/s, Materializing param=encoder.layer.1.output.LayerNorm.bias]
Loading weights:  34%|###3      | 35/103 [00:00<00:00, 2022.77it/s, Materializing param=encoder.layer.1.output.LayerNorm.weight]
Loading weights:  34%|###3      | 35/103 [00:00<00:00, 2002.27it/s, Materializing param=encoder.layer.1.output.LayerNorm.weight]
Loading weights:  35%|###4      | 36/103 [00:00<00:00, 2030.54it/s, Materializing param=encoder.layer.1.output.dense.bias]      
Loading weights:  35%|###4      | 36/103 [00:00<00:00, 2010.77it/s, Materializing param=encoder.layer.1.output.dense.bias]
Loading weights:  36%|###5      | 37/103 [00:00<00:00, 2024.94it/s, Materializing param=encoder.layer.1.output.dense.weight]
Loading weights:  36%|###5      | 37/103 [00:00<00:00, 2004.33it/s, Materializing param=encoder.layer.1.output.dense.weight]
Loading weights:  37%|###6      | 38/103 [00:00<00:00, 2012.52it/s, Materializing param=encoder.layer.2.attention.output.LayerNorm.bias]
Loading weights:  37%|###6      | 38/103 [00:00<00:00, 1985.15it/s, Materializing param=encoder.layer.2.attention.output.LayerNorm.bias]
Loading weights:  38%|###7      | 39/103 [00:00<00:00, 1987.68it/s, Materializing param=encoder.layer.2.attention.output.LayerNorm.weight]
Loading weights:  38%|###7      | 39/103 [00:00<00:00, 1980.05it/s, Materializing param=encoder.layer.2.attention.output.LayerNorm.weight]
Loading weights:  39%|###8      | 40/103 [00:00<00:00, 2006.70it/s, Materializing param=encoder.layer.2.attention.output.dense.bias]      
Loading weights:  39%|###8      | 40/103 [00:00<00:00, 1989.80it/s, Materializing param=encoder.layer.2.attention.output.dense.bias]
Loading weights:  40%|###9      | 41/103 [00:00<00:00, 1999.31it/s, Materializing param=encoder.layer.2.attention.output.dense.weight]
Loading weights:  40%|###9      | 41/103 [00:00<00:00, 1990.35it/s, Materializing param=encoder.layer.2.attention.output.dense.weight]
Loading weights:  41%|####      | 42/103 [00:00<00:00, 2014.99it/s, Materializing param=encoder.layer.2.attention.self.key.bias]      
Loading weights:  41%|####      | 42/103 [00:00<00:00, 2003.58it/s, Materializing param=encoder.layer.2.attention.self.key.bias]
Loading weights:  42%|####1     | 43/103 [00:00<00:00, 2029.75it/s, Materializing param=encoder.layer.2.attention.self.key.weight]
Loading weights:  42%|####1     | 43/103 [00:00<00:00, 2022.44it/s, Materializing param=encoder.layer.2.attention.self.key.weight]
Loading weights:  43%|####2     | 44/103 [00:00<00:00, 2056.40it/s, Materializing param=encoder.layer.2.attention.self.query.bias]
Loading weights:  43%|####2     | 44/103 [00:00<00:00, 2049.73it/s, Materializing param=encoder.layer.2.attention.self.query.bias]
Loading weights:  44%|####3     | 45/103 [00:00<00:00, 2083.98it/s, Materializing param=encoder.layer.2.attention.self.query.weight]
Loading weights:  44%|####3     | 45/103 [00:00<00:00, 2077.51it/s, Materializing param=encoder.layer.2.attention.self.query.weight]
Loading weights:  45%|####4     | 46/103 [00:00<00:00, 2111.75it/s, Materializing param=encoder.layer.2.attention.self.value.bias]  
Loading weights:  45%|####4     | 46/103 [00:00<00:00, 2105.32it/s, Materializing param=encoder.layer.2.attention.self.value.bias]
Loading weights:  46%|####5     | 47/103 [00:00<00:00, 2138.67it/s, Materializing param=encoder.layer.2.attention.self.value.weight]
Loading weights:  46%|####5     | 47/103 [00:00<00:00, 2132.10it/s, Materializing param=encoder.layer.2.attention.self.value.weight]
Loading weights:  47%|####6     | 48/103 [00:00<00:00, 2164.24it/s, Materializing param=encoder.layer.2.intermediate.dense.bias]    
Loading weights:  47%|####6     | 48/103 [00:00<00:00, 2157.80it/s, Materializing param=encoder.layer.2.intermediate.dense.bias]
Loading weights:  48%|####7     | 49/103 [00:00<00:00, 2191.15it/s, Materializing param=encoder.layer.2.intermediate.dense.weight]
Loading weights:  48%|####7     | 49/103 [00:00<00:00, 2184.90it/s, Materializing param=encoder.layer.2.intermediate.dense.weight]
Loading weights:  49%|####8     | 50/103 [00:00<00:00, 2218.06it/s, Materializing param=encoder.layer.2.output.LayerNorm.bias]    
Loading weights:  49%|####8     | 50/103 [00:00<00:00, 2211.70it/s, Materializing param=encoder.layer.2.output.LayerNorm.bias]
Loading weights:  50%|####9     | 51/103 [00:00<00:00, 2243.67it/s, Materializing param=encoder.layer.2.output.LayerNorm.weight]
Loading weights:  50%|####9     | 51/103 [00:00<00:00, 2237.27it/s, Materializing param=encoder.layer.2.output.LayerNorm.weight]
Loading weights:  50%|#####     | 52/103 [00:00<00:00, 2269.72it/s, Materializing param=encoder.layer.2.output.dense.bias]      
Loading weights:  50%|#####     | 52/103 [00:00<00:00, 2263.24it/s, Materializing param=encoder.layer.2.output.dense.bias]
Loading weights:  51%|#####1    | 53/103 [00:00<00:00, 2295.21it/s, Materializing param=encoder.layer.2.output.dense.weight]
Loading weights:  51%|#####1    | 53/103 [00:00<00:00, 2288.74it/s, Materializing param=encoder.layer.2.output.dense.weight]
Loading weights:  52%|#####2    | 54/103 [00:00<00:00, 2320.36it/s, Materializing param=encoder.layer.3.attention.output.LayerNorm.bias]
Loading weights:  52%|#####2    | 54/103 [00:00<00:00, 2313.58it/s, Materializing param=encoder.layer.3.attention.output.LayerNorm.bias]
Loading weights:  53%|#####3    | 55/103 [00:00<00:00, 2343.64it/s, Materializing param=encoder.layer.3.attention.output.LayerNorm.weight]
Loading weights:  53%|#####3    | 55/103 [00:00<00:00, 2337.16it/s, Materializing param=encoder.layer.3.attention.output.LayerNorm.weight]
Loading weights:  54%|#####4    | 56/103 [00:00<00:00, 2367.63it/s, Materializing param=encoder.layer.3.attention.output.dense.bias]      
Loading weights:  54%|#####4    | 56/103 [00:00<00:00, 2361.04it/s, Materializing param=encoder.layer.3.attention.output.dense.bias]
Loading weights:  55%|#####5    | 57/103 [00:00<00:00, 2391.28it/s, Materializing param=encoder.layer.3.attention.output.dense.weight]
Loading weights:  55%|#####5    | 57/103 [00:00<00:00, 2384.65it/s, Materializing param=encoder.layer.3.attention.output.dense.weight]
Loading weights:  56%|#####6    | 58/103 [00:00<00:00, 2414.44it/s, Materializing param=encoder.layer.3.attention.self.key.bias]      
Loading weights:  56%|#####6    | 58/103 [00:00<00:00, 2406.63it/s, Materializing param=encoder.layer.3.attention.self.key.bias]
Loading weights:  57%|#####7    | 59/103 [00:00<00:00, 2435.74it/s, Materializing param=encoder.layer.3.attention.self.key.weight]
Loading weights:  57%|#####7    | 59/103 [00:00<00:00, 2428.95it/s, Materializing param=encoder.layer.3.attention.self.key.weight]
Loading weights:  58%|#####8    | 60/103 [00:00<00:00, 2458.15it/s, Materializing param=encoder.layer.3.attention.self.query.bias]
Loading weights:  58%|#####8    | 60/103 [00:00<00:00, 2451.47it/s, Materializing param=encoder.layer.3.attention.self.query.bias]
Loading weights:  59%|#####9    | 61/103 [00:00<00:00, 2479.58it/s, Materializing param=encoder.layer.3.attention.self.query.weight]
Loading weights:  59%|#####9    | 61/103 [00:00<00:00, 2472.75it/s, Materializing param=encoder.layer.3.attention.self.query.weight]
Loading weights:  60%|######    | 62/103 [00:00<00:00, 2500.96it/s, Materializing param=encoder.layer.3.attention.self.value.bias]  
Loading weights:  60%|######    | 62/103 [00:00<00:00, 2494.12it/s, Materializing param=encoder.layer.3.attention.self.value.bias]
Loading weights:  61%|######1   | 63/103 [00:00<00:00, 2522.08it/s, Materializing param=encoder.layer.3.attention.self.value.weight]
Loading weights:  61%|######1   | 63/103 [00:00<00:00, 2515.36it/s, Materializing param=encoder.layer.3.attention.self.value.weight]
Loading weights:  62%|######2   | 64/103 [00:00<00:00, 2543.28it/s, Materializing param=encoder.layer.3.intermediate.dense.bias]    
Loading weights:  62%|######2   | 64/103 [00:00<00:00, 2536.65it/s, Materializing param=encoder.layer.3.intermediate.dense.bias]
Loading weights:  63%|######3   | 65/103 [00:00<00:00, 2564.29it/s, Materializing param=encoder.layer.3.intermediate.dense.weight]
Loading weights:  63%|######3   | 65/103 [00:00<00:00, 2557.09it/s, Materializing param=encoder.layer.3.intermediate.dense.weight]
Loading weights:  64%|######4   | 66/103 [00:00<00:00, 2584.39it/s, Materializing param=encoder.layer.3.output.LayerNorm.bias]    
Loading weights:  64%|######4   | 66/103 [00:00<00:00, 2577.94it/s, Materializing param=encoder.layer.3.output.LayerNorm.bias]
Loading weights:  65%|######5   | 67/103 [00:00<00:00, 2604.92it/s, Materializing param=encoder.layer.3.output.LayerNorm.weight]
Loading weights:  65%|######5   | 67/103 [00:00<00:00, 2598.29it/s, Materializing param=encoder.layer.3.output.LayerNorm.weight]
Loading weights:  66%|######6   | 68/103 [00:00<00:00, 2625.69it/s, Materializing param=encoder.layer.3.output.dense.bias]      
Loading weights:  66%|######6   | 68/103 [00:00<00:00, 2619.08it/s, Materializing param=encoder.layer.3.output.dense.bias]
Loading weights:  67%|######6   | 69/103 [00:00<00:00, 2645.72it/s, Materializing param=encoder.layer.3.output.dense.weight]
Loading weights:  67%|######6   | 69/103 [00:00<00:00, 2637.98it/s, Materializing param=encoder.layer.3.output.dense.weight]
Loading weights:  68%|######7   | 70/103 [00:00<00:00, 2664.52it/s, Materializing param=encoder.layer.4.attention.output.LayerNorm.bias]
Loading weights:  68%|######7   | 70/103 [00:00<00:00, 2658.30it/s, Materializing param=encoder.layer.4.attention.output.LayerNorm.bias]
Loading weights:  69%|######8   | 71/103 [00:00<00:00, 2685.02it/s, Materializing param=encoder.layer.4.attention.output.LayerNorm.weight]
Loading weights:  69%|######8   | 71/103 [00:00<00:00, 2677.70it/s, Materializing param=encoder.layer.4.attention.output.LayerNorm.weight]
Loading weights:  70%|######9   | 72/103 [00:00<00:00, 2700.73it/s, Materializing param=encoder.layer.4.attention.output.dense.bias]      
Loading weights:  70%|######9   | 72/103 [00:00<00:00, 2692.66it/s, Materializing param=encoder.layer.4.attention.output.dense.bias]
Loading weights:  71%|#######   | 73/103 [00:00<00:00, 2715.43it/s, Materializing param=encoder.layer.4.attention.output.dense.weight]
Loading weights:  71%|#######   | 73/103 [00:00<00:00, 2707.46it/s, Materializing param=encoder.layer.4.attention.output.dense.weight]
Loading weights:  72%|#######1  | 74/103 [00:00<00:00, 2729.97it/s, Materializing param=encoder.layer.4.attention.self.key.bias]      
Loading weights:  72%|#######1  | 74/103 [00:00<00:00, 2722.00it/s, Materializing param=encoder.layer.4.attention.self.key.bias]
Loading weights:  73%|#######2  | 75/103 [00:00<00:00, 2743.84it/s, Materializing param=encoder.layer.4.attention.self.key.weight]
Loading weights:  73%|#######2  | 75/103 [00:00<00:00, 2735.87it/s, Materializing param=encoder.layer.4.attention.self.key.weight]
Loading weights:  74%|#######3  | 76/103 [00:00<00:00, 2759.05it/s, Materializing param=encoder.layer.4.attention.self.query.bias]
Loading weights:  74%|#######3  | 76/103 [00:00<00:00, 2752.31it/s, Materializing param=encoder.layer.4.attention.self.query.bias]
Loading weights:  75%|#######4  | 77/103 [00:00<00:00, 2775.77it/s, Materializing param=encoder.layer.4.attention.self.query.weight]
Loading weights:  75%|#######4  | 77/103 [00:00<00:00, 2768.94it/s, Materializing param=encoder.layer.4.attention.self.query.weight]
Loading weights:  76%|#######5  | 78/103 [00:00<00:00, 2790.93it/s, Materializing param=encoder.layer.4.attention.self.value.bias]  
Loading weights:  76%|#######5  | 78/103 [00:00<00:00, 2783.21it/s, Materializing param=encoder.layer.4.attention.self.value.bias]
Loading weights:  77%|#######6  | 79/103 [00:00<00:00, 2803.66it/s, Materializing param=encoder.layer.4.attention.self.value.weight]
Loading weights:  77%|#######6  | 79/103 [00:00<00:00, 2795.68it/s, Materializing param=encoder.layer.4.attention.self.value.weight]
Loading weights:  78%|#######7  | 80/103 [00:00<00:00, 2817.17it/s, Materializing param=encoder.layer.4.intermediate.dense.bias]    
Loading weights:  78%|#######7  | 80/103 [00:00<00:00, 2809.48it/s, Materializing param=encoder.layer.4.intermediate.dense.bias]
Loading weights:  79%|#######8  | 81/103 [00:00<00:00, 2830.59it/s, Materializing param=encoder.layer.4.intermediate.dense.weight]
Loading weights:  79%|#######8  | 81/103 [00:00<00:00, 2823.23it/s, Materializing param=encoder.layer.4.intermediate.dense.weight]
Loading weights:  80%|#######9  | 82/103 [00:00<00:00, 2844.98it/s, Materializing param=encoder.layer.4.output.LayerNorm.bias]    
Loading weights:  80%|#######9  | 82/103 [00:00<00:00, 2837.43it/s, Materializing param=encoder.layer.4.output.LayerNorm.bias]
Loading weights:  81%|########  | 83/103 [00:00<00:00, 2858.28it/s, Materializing param=encoder.layer.4.output.LayerNorm.weight]
Loading weights:  81%|########  | 83/103 [00:00<00:00, 2851.00it/s, Materializing param=encoder.layer.4.output.LayerNorm.weight]
Loading weights:  82%|########1 | 84/103 [00:00<00:00, 2872.74it/s, Materializing param=encoder.layer.4.output.dense.bias]      
Loading weights:  82%|########1 | 84/103 [00:00<00:00, 2865.92it/s, Materializing param=encoder.layer.4.output.dense.bias]
Loading weights:  83%|########2 | 85/103 [00:00<00:00, 2888.19it/s, Materializing param=encoder.layer.4.output.dense.weight]
Loading weights:  83%|########2 | 85/103 [00:00<00:00, 2881.75it/s, Materializing param=encoder.layer.4.output.dense.weight]
Loading weights:  83%|########3 | 86/103 [00:00<00:00, 2904.32it/s, Materializing param=encoder.layer.5.attention.output.LayerNorm.bias]
Loading weights:  83%|########3 | 86/103 [00:00<00:00, 2897.53it/s, Materializing param=encoder.layer.5.attention.output.LayerNorm.bias]
Loading weights:  84%|########4 | 87/103 [00:00<00:00, 2918.23it/s, Materializing param=encoder.layer.5.attention.output.LayerNorm.weight]
Loading weights:  84%|########4 | 87/103 [00:00<00:00, 2911.55it/s, Materializing param=encoder.layer.5.attention.output.LayerNorm.weight]
Loading weights:  85%|########5 | 88/103 [00:00<00:00, 2933.22it/s, Materializing param=encoder.layer.5.attention.output.dense.bias]      
Loading weights:  85%|########5 | 88/103 [00:00<00:00, 2926.78it/s, Materializing param=encoder.layer.5.attention.output.dense.bias]
Loading weights:  86%|########6 | 89/103 [00:00<00:00, 2946.62it/s, Materializing param=encoder.layer.5.attention.output.dense.weight]
Loading weights:  86%|########6 | 89/103 [00:00<00:00, 2939.85it/s, Materializing param=encoder.layer.5.attention.output.dense.weight]
Loading weights:  87%|########7 | 90/103 [00:00<00:00, 2961.22it/s, Materializing param=encoder.layer.5.attention.self.key.bias]      
Loading weights:  87%|########7 | 90/103 [00:00<00:00, 2954.52it/s, Materializing param=encoder.layer.5.attention.self.key.bias]
Loading weights:  88%|########8 | 91/103 [00:00<00:00, 2975.59it/s, Materializing param=encoder.layer.5.attention.self.key.weight]
Loading weights:  88%|########8 | 91/103 [00:00<00:00, 2969.15it/s, Materializing param=encoder.layer.5.attention.self.key.weight]
Loading weights:  89%|########9 | 92/103 [00:00<00:00, 2990.48it/s, Materializing param=encoder.layer.5.attention.self.query.bias]
Loading weights:  89%|########9 | 92/103 [00:00<00:00, 2984.14it/s, Materializing param=encoder.layer.5.attention.self.query.bias]
Loading weights:  90%|######### | 93/103 [00:00<00:00, 3005.09it/s, Materializing param=encoder.layer.5.attention.self.query.weight]
Loading weights:  90%|######### | 93/103 [00:00<00:00, 2997.38it/s, Materializing param=encoder.layer.5.attention.self.query.weight]
Loading weights:  91%|#########1| 94/103 [00:00<00:00, 3017.83it/s, Materializing param=encoder.layer.5.attention.self.value.bias]  
Loading weights:  91%|#########1| 94/103 [00:00<00:00, 3011.31it/s, Materializing param=encoder.layer.5.attention.self.value.bias]
Loading weights:  92%|#########2| 95/103 [00:00<00:00, 3031.86it/s, Materializing param=encoder.layer.5.attention.self.value.weight]
Loading weights:  92%|#########2| 95/103 [00:00<00:00, 3025.39it/s, Materializing param=encoder.layer.5.attention.self.value.weight]
Loading weights:  93%|#########3| 96/103 [00:00<00:00, 3045.79it/s, Materializing param=encoder.layer.5.intermediate.dense.bias]    
Loading weights:  93%|#########3| 96/103 [00:00<00:00, 3039.56it/s, Materializing param=encoder.layer.5.intermediate.dense.bias]
Loading weights:  94%|#########4| 97/103 [00:00<00:00, 3060.15it/s, Materializing param=encoder.layer.5.intermediate.dense.weight]
Loading weights:  94%|#########4| 97/103 [00:00<00:00, 3053.49it/s, Materializing param=encoder.layer.5.intermediate.dense.weight]
Loading weights:  95%|#########5| 98/103 [00:00<00:00, 3073.30it/s, Materializing param=encoder.layer.5.output.LayerNorm.bias]    
Loading weights:  95%|#########5| 98/103 [00:00<00:00, 3066.88it/s, Materializing param=encoder.layer.5.output.LayerNorm.bias]
Loading weights:  96%|#########6| 99/103 [00:00<00:00, 3085.67it/s, Materializing param=encoder.layer.5.output.LayerNorm.weight]
Loading weights:  96%|#########6| 99/103 [00:00<00:00, 3077.90it/s, Materializing param=encoder.layer.5.output.LayerNorm.weight]
Loading weights:  97%|#########7| 100/103 [00:00<00:00, 3096.48it/s, Materializing param=encoder.layer.5.output.dense.bias]     
Loading weights:  97%|#########7| 100/103 [00:00<00:00, 3089.93it/s, Materializing param=encoder.layer.5.output.dense.bias]
Loading weights:  98%|#########8| 101/103 [00:00<00:00, 3109.06it/s, Materializing param=encoder.layer.5.output.dense.weight]
Loading weights:  98%|#########8| 101/103 [00:00<00:00, 3102.57it/s, Materializing param=encoder.layer.5.output.dense.weight]
Loading weights:  99%|#########9| 102/103 [00:00<00:00, 3121.49it/s, Materializing param=pooler.dense.bias]                  
Loading weights:  99%|#########9| 102/103 [00:00<00:00, 3115.13it/s, Materializing param=pooler.dense.bias]
Loading weights: 100%|##########| 103/103 [00:00<00:00, 3134.21it/s, Materializing param=pooler.dense.weight]
Loading weights: 100%|##########| 103/103 [00:00<00:00, 3128.17it/s, Materializing param=pooler.dense.weight]
Loading weights: 100%|##########| 103/103 [00:00<00:00, 3114.44it/s, Materializing param=pooler.dense.weight]
BertModel LOAD REPORT from: sentence-transformers/all-MiniLM-L6-v2
Key                     | Status     |  | 
------------------------+------------+--+-
embeddings.position_ids | UNEXPECTED |  | 

Notes:
- UNEXPECTED	:can be ignored when loading from different task/architecture; not ok if you expect identical arch.
2026-02-21 21:28:09,764 - INFO - HTTP Request: HEAD https://huggingface.co/sentence-transformers/all-MiniLM-L6-v2/resolve/main/config.json "HTTP/1.1 307 Temporary Redirect"
2026-02-21 21:28:09,793 - INFO - HTTP Request: HEAD https://huggingface.co/api/resolve-cache/models/sentence-transformers/all-MiniLM-L6-v2/c9745ed1d9f207416be6d2e6f8de32d1f16199bf/config.json "HTTP/1.1 200 OK"
2026-02-21 21:28:09,961 - INFO - HTTP Request: HEAD https://huggingface.co/sentence-transformers/all-MiniLM-L6-v2/resolve/main/tokenizer_config.json "HTTP/1.1 307 Temporary Redirect"
2026-02-21 21:28:09,977 - INFO - HTTP Request: HEAD https://huggingface.co/api/resolve-cache/models/sentence-transformers/all-MiniLM-L6-v2/c9745ed1d9f207416be6d2e6f8de32d1f16199bf/tokenizer_config.json "HTTP/1.1 200 OK"
2026-02-21 21:28:10,138 - INFO - HTTP Request: GET https://huggingface.co/api/models/sentence-transformers/all-MiniLM-L6-v2/tree/main/additional_chat_templates?recursive=false&expand=false "HTTP/1.1 404 Not Found"
2026-02-21 21:28:10,316 - INFO - HTTP Request: GET https://huggingface.co/api/models/sentence-transformers/all-MiniLM-L6-v2/tree/main?recursive=true&expand=false "HTTP/1.1 200 OK"
2026-02-21 21:28:10,525 - INFO - HTTP Request: HEAD https://huggingface.co/sentence-transformers/all-MiniLM-L6-v2/resolve/main/1_Pooling/config.json "HTTP/1.1 307 Temporary Redirect"
Warning: You are sending unauthenticated requests to the HF Hub. Please set a HF_TOKEN to enable higher rate limits and faster downloads.
2026-02-21 21:28:10,525 - WARNING - Warning: You are sending unauthenticated requests to the HF Hub. Please set a HF_TOKEN to enable higher rate limits and faster downloads.
2026-02-21 21:28:10,540 - INFO - HTTP Request: HEAD https://huggingface.co/api/resolve-cache/models/sentence-transformers/all-MiniLM-L6-v2/c9745ed1d9f207416be6d2e6f8de32d1f16199bf/1_Pooling%2Fconfig.json "HTTP/1.1 200 OK"
2026-02-21 21:28:10,706 - INFO - HTTP Request: GET https://huggingface.co/api/models/sentence-transformers/all-MiniLM-L6-v2 "HTTP/1.1 200 OK"
INFO:     Application startup complete.
INFO:     Uvicorn running on http://0.0.0.0:8000 (Press CTRL+C to quit)
