[2026-03-09T18:51:02.829Z] Uncaught Exception: Error: listen EADDRINUSE: address already in use 0.0.0.0:3001
    at Server.setupListenHandle [as _listen2] (node:net:1940:16)
    at listenInCluster (node:net:1997:12)
    at node:net:2206:7
    at process.processTicksAndRejections (node:internal/process/task_queues:89:21)
[2026-03-10T14:19:05.891Z] Uncaught Exception: Error [ERR_HTTP_HEADERS_SENT]: Cannot set headers after they are sent to the client
    at ServerResponse.setHeader (node:_http_outgoing:700:11)
    at ServerResponse.header (/www/wwwroot/nurzek/backend/node_modules/express/lib/response.js:794:10)
    at ServerResponse.send (/www/wwwroot/nurzek/backend/node_modules/express/lib/response.js:174:12)
    at ServerResponse.json (/www/wwwroot/nurzek/backend/node_modules/express/lib/response.js:278:15)
    at file:///www/wwwroot/nurzek/backend/routes/analyze.js:172:25
    at PassThrough.<anonymous> (file:///www/wwwroot/nurzek/backend/services/rag.js:69:13)
    at PassThrough.emit (node:events:531:35)
    at endReadableNT (node:internal/streams/readable:1698:12)
    at process.processTicksAndRejections (node:internal/process/task_queues:89:21)
[2026-03-10T14:33:29.565Z] Uncaught Exception: Error [ERR_HTTP_HEADERS_SENT]: Cannot set headers after they are sent to the client
    at ServerResponse.setHeader (node:_http_outgoing:700:11)
    at ServerResponse.header (/www/wwwroot/nurzek/backend/node_modules/express/lib/response.js:794:10)
    at ServerResponse.send (/www/wwwroot/nurzek/backend/node_modules/express/lib/response.js:174:12)
    at ServerResponse.json (/www/wwwroot/nurzek/backend/node_modules/express/lib/response.js:278:15)
    at file:///www/wwwroot/nurzek/backend/routes/analyze.js:172:25
    at PassThrough.<anonymous> (file:///www/wwwroot/nurzek/backend/services/rag.js:69:13)
    at PassThrough.emit (node:events:531:35)
    at endReadableNT (node:internal/streams/readable:1698:12)
    at process.processTicksAndRejections (node:internal/process/task_queues:89:21)
